=============================================
 Remote Preflight Host Capacity Snapshot
=============================================
Timestamp: 2026-06-23T05:11:14+07:00

--- k6 VPS ---

--- CPU ---
4

--- Memory ---
               total        used        free      shared  buff/cache   available
Mem:           7.8Gi       247Mi       6.7Gi       2.0Mi       845Mi       7.3Gi
Swap:          2.0Gi          0B       2.0Gi

--- Disk ---
Filesystem     Type   Size  Used Avail Use% Mounted on
tmpfs          tmpfs  794M  1.0M  793M   1% /run
/dev/sda3      xfs    100G  7.5G   93G   8% /
tmpfs          tmpfs  3.9G     0  3.9G   0% /dev/shm
tmpfs          tmpfs  5.0M     0  5.0M   0% /run/lock
tmpfs          tmpfs  3.9G     0  3.9G   0% /run/qemu
/dev/sda2      vfat   110M   512  110M   1% /boot/efi
tmpfs          tmpfs  794M     0  794M   0% /run/user/1000

--- k6 Version ---
k6 v2.0.0 (commit/8c3be52cc1, go1.26.3, linux/amd64)

--- k6 Location ---
k6 runs: REMOTE — resource metrics represent server-side load only.

--- LMS VPS (via SSH) ---

4
               total        used        free      shared  buff/cache   available
Mem:           7.8Gi       1.3Gi       6.0Gi        27Mi       371Mi       6.2Gi
Swap:          2.0Gi          0B       2.0Gi
Filesystem     Type   Size  Used Avail Use% Mounted on
tmpfs          tmpfs  794M  1.9M  792M   1% /run
/dev/sda3      xfs    100G   44G   57G  44% /
tmpfs          tmpfs  3.9G     0  3.9G   0% /dev/shm
tmpfs          tmpfs  5.0M     0  5.0M   0% /run/lock
tmpfs          tmpfs  3.9G     0  3.9G   0% /run/qemu
/dev/sda2      vfat   110M   512  110M   1% /boot/efi
tmpfs          tmpfs  794M     0  794M   0% /run/user/1000
app
mysql
nginx
redis
redis-c1
redis-c2
redis-c3
redis-c4
redis-c5
redis-c6
